\BOOKMARK [1][-]{section.1}{\376\377\000T\000h\000e\000o\000r\000y\000\040\000M\000a\000p\000\040\000a\000n\000d\000\040\000R\000e\000a\000d\000i\000n\000g\000\040\000G\000u\000i\000d\000e}{}% 1
\BOOKMARK [1][-]{section.2}{\376\377\000T\000i\000m\000e\000\040\000D\000o\000m\000a\000i\000n\000s\000\040\000a\000n\000d\000\040\000B\000a\000s\000i\000c\000\040\000W\000a\000l\000d\000\040\000L\000a\000w}{}% 2
\BOOKMARK [1][-]{section.3}{\376\377\000G\000a\000u\000s\000s\000i\000a\000n\000\040\000D\000r\000i\000f\000t\000\040\000V\000a\000r\000i\000a\000b\000i\000l\000i\000t\000y}{}% 3
\BOOKMARK [2][-]{subsection.3.1}{\376\377\000F\000u\000l\000l\000-\000G\000a\000u\000s\000s\000i\000a\000n\000\040\000D\000r\000i\000f\000t\000\040\000L\000a\000w}{section.3}% 4
\BOOKMARK [2][-]{subsection.3.2}{\376\377\000P\000o\000s\000i\000t\000i\000v\000e\000-\000T\000r\000u\000n\000c\000a\000t\000e\000d\000\040\000D\000r\000i\000f\000t\000\040\000L\000a\000w}{section.3}% 5
\BOOKMARK [1][-]{section.4}{\376\377\000U\000n\000i\000f\000o\000r\000m\000\040\000S\000t\000a\000r\000t\000-\000P\000o\000i\000n\000t\000\040\000a\000n\000d\000\040\000D\000r\000i\000f\000t\000\040\000V\000a\000r\000i\000a\000b\000i\000l\000i\000t\000y}{}% 6
\BOOKMARK [1][-]{section.5}{\376\377\000O\000r\000n\000s\000t\000e\000i\000n\040\023\000U\000h\000l\000e\000n\000b\000e\000c\000k\000\040\000a\000n\000d\000\040\000R\000e\000l\000a\000t\000e\000d\000\040\000M\000o\000d\000e\000l\000s}{}% 7
\BOOKMARK [1][-]{section.6}{\376\377\000T\000i\000m\000e\000-\000T\000r\000a\000n\000s\000f\000o\000r\000m\000e\000d\000\040\000W\000a\000l\000d\000\040\000\050\000R\000D\000M\000S\000W\000T\000N\000\137\000T\000T\000\051}{}% 8
\BOOKMARK [1][-]{section.7}{\376\377\000G\000a\000u\000s\000s\000i\000a\000n\000\040\000C\000o\000p\000u\000l\000a\000\040\000f\000o\000r\000\040\000C\000o\000r\000r\000e\000l\000a\000t\000e\000d\000\040\000R\000a\000c\000e\000\040\000F\000i\000n\000i\000s\000h\000i\000n\000g\000\040\000T\000i\000m\000e\000s}{}% 9
\BOOKMARK [2][-]{subsection.7.1}{\376\377\000S\000k\000l\000a\000r\000'\000s\000\040\000T\000h\000e\000o\000r\000e\000m\000\040\000a\000n\000d\000\040\000P\000r\000o\000b\000i\000t\000\040\000R\000a\000n\000k\000\040\000T\000r\000a\000n\000s\000f\000o\000r\000m\000a\000t\000i\000o\000n}{section.7}% 10
\BOOKMARK [2][-]{subsection.7.2}{\376\377\000B\000i\000v\000a\000r\000i\000a\000t\000e\000\040\000C\000o\000p\000u\000l\000a\000\040\000P\000a\000i\000r\000\040\000a\000n\000d\000\040\000W\000i\000n\000n\000i\000n\000g\000\040\000S\000u\000b\000d\000e\000n\000s\000i\000t\000i\000e\000s}{section.7}% 11
\BOOKMARK [3][-]{subsubsection.7.2.1}{\376\377\000S\000u\000b\000d\000e\000n\000s\000i\000t\000y\000\040\000w\000h\000e\000n\000\040\000a\000\040\000C\000o\000r\000r\000e\000l\000a\000t\000e\000d\000\040\000A\000c\000c\000u\000m\000u\000l\000a\000t\000o\000r\000\040\000W\000i\000n\000s}{subsection.7.2}% 12
\BOOKMARK [3][-]{subsubsection.7.2.2}{\376\377\000S\000u\000b\000d\000e\000n\000s\000i\000t\000y\000\040\000w\000h\000e\000n\000\040\000a\000n\000\040\000I\000n\000d\000e\000p\000e\000n\000d\000e\000n\000t\000\040\000A\000c\000c\000u\000m\000u\000l\000a\000t\000o\000r\000\040\000W\000i\000n\000s}{subsection.7.2}% 13
\BOOKMARK [3][-]{subsubsection.7.2.3}{\376\377\000J\000o\000i\000n\000t\000\040\000R\000a\000c\000e\000\040\000S\000u\000r\000v\000i\000v\000a\000l}{subsection.7.2}% 14
\BOOKMARK [2][-]{subsection.7.3}{\376\377\000D\000e\000f\000e\000c\000t\000i\000v\000e\000\040\000M\000a\000r\000g\000i\000n\000a\000l\000s\000\040\000a\000n\000d\000\040\000I\000n\000t\000r\000i\000n\000s\000i\000c\000\040\000N\000o\000n\000-\000F\000i\000n\000i\000s\000h\000i\000n\000g}{section.7}% 15
\BOOKMARK [2][-]{subsection.7.4}{\376\377\000N\000o\000n\000-\000P\000a\000r\000a\000m\000e\000t\000r\000i\000c\000\040\000R\000a\000n\000k\000\040\000C\000o\000r\000r\000e\000l\000a\000t\000i\000o\000n\000\040\000M\000e\000t\000r\000i\000c\000s}{section.7}% 16
\BOOKMARK [2][-]{subsection.7.5}{\376\377\000F\000i\000n\000i\000s\000h\000i\000n\000g\000-\000T\000i\000m\000e\000\040\000C\000o\000p\000u\000l\000a\000\040\000v\000s\000.\000\040\000B\000e\000t\000w\000e\000e\000n\000-\000T\000r\000i\000a\000l\000\040\000D\000r\000i\000f\000t\000\040\000C\000o\000r\000r\000e\000l\000a\000t\000i\000o\000n}{section.7}% 17
\BOOKMARK [1][-]{section.8}{\376\377\000T\000i\000m\000i\000n\000g\000\040\000C\000l\000o\000c\000k\000s\000\040\000a\000n\000d\000\040\000O\000u\000t\000c\000o\000m\000e\000\040\000C\000o\000n\000v\000e\000n\000t\000i\000o\000n\000s}{}% 18
\BOOKMARK [2][-]{subsection.8.1}{\376\377\000H\000y\000b\000r\000i\000d\000\040\000E\000r\000l\000a\000n\000g\000\040\000M\000i\000x\000t\000u\000r\000e}{section.8}% 19
\BOOKMARK [1][-]{section.9}{\376\377\000L\000a\000p\000l\000a\000c\000e\000\040\000T\000r\000a\000n\000s\000f\000o\000r\000m\000s\000\040\000a\000n\000d\000\040\000W\000a\000l\000d\000\040\000T\000i\000l\000t\000i\000n\000g}{}% 20
\BOOKMARK [2][-]{subsection.9.1}{\376\377\000F\000i\000n\000i\000t\000e\000-\000W\000i\000n\000d\000o\000w\000\040\000T\000i\000l\000t\000e\000d\000\040\000M\000o\000m\000e\000n\000t\000s}{section.9}% 21
\BOOKMARK [1][-]{section.10}{\376\377\000L\000o\000c\000a\000l\000\040\000K\000i\000l\000l\000\040\000C\000l\000o\000c\000k}{}% 22
\BOOKMARK [2][-]{subsection.10.1}{\376\377\000E\000q\000u\000i\000v\000a\000l\000e\000n\000c\000e\000\040\000t\000o\000\040\000B\000e\000r\000n\000o\000u\000l\000l\000i\000\040\000C\000o\000n\000t\000a\000m\000i\000n\000a\000n\000t\000\040\000M\000i\000s\000s\000e\000s}{section.10}% 23
\BOOKMARK [2][-]{subsection.10.2}{\376\377\000E\000x\000p\000o\000n\000e\000n\000t\000i\000a\000l\000\040\000K\000i\000l\000l}{section.10}% 24
\BOOKMARK [2][-]{subsection.10.3}{\376\377\000E\000r\000l\000a\000n\000g\000-\0002\000\040\000K\000i\000l\000l}{section.10}% 25
\BOOKMARK [2][-]{subsection.10.4}{\376\377\000H\000y\000b\000r\000i\000d\000\040\000K\000i\000l\000l}{section.10}% 26
\BOOKMARK [1][-]{section.11}{\376\377\000L\000o\000c\000a\000l\000\040\000G\000u\000e\000s\000s\000\040\000C\000l\000o\000c\000k}{}% 27
\BOOKMARK [2][-]{subsection.11.1}{\376\377\000E\000x\000p\000o\000n\000e\000n\000t\000i\000a\000l\000\040\000G\000u\000e\000s\000s}{section.11}% 28
\BOOKMARK [2][-]{subsection.11.2}{\376\377\000E\000r\000l\000a\000n\000g\000-\0002\000\040\000G\000u\000e\000s\000s}{section.11}% 29
\BOOKMARK [2][-]{subsection.11.3}{\376\377\000H\000y\000b\000r\000i\000d\000\040\000G\000u\000e\000s\000s}{section.11}% 30
\BOOKMARK [1][-]{section.12}{\376\377\000C\000o\000m\000b\000i\000n\000e\000d\000\040\000L\000o\000c\000a\000l\000\040\000G\000u\000e\000s\000s\040\023\000K\000i\000l\000l\000\040\000C\000l\000o\000c\000k\000s}{}% 31
\BOOKMARK [2][-]{subsection.12.1}{\376\377\000E\000x\000p\000o\000n\000e\000n\000t\000i\000a\000l\000\040\000G\000u\000e\000s\000s\000\040\000a\000n\000d\000\040\000K\000i\000l\000l}{section.12}% 32
\BOOKMARK [2][-]{subsection.12.2}{\376\377\000E\000r\000l\000a\000n\000g\000-\0002\000\040\000G\000u\000e\000s\000s\000\040\000a\000n\000d\000\040\000K\000i\000l\000l}{section.12}% 33
\BOOKMARK [2][-]{subsection.12.3}{\376\377\000H\000y\000b\000r\000i\000d\000\040\000G\000u\000e\000s\000s\040\023\000K\000i\000l\000l}{section.12}% 34
\BOOKMARK [1][-]{section.13}{\376\377\000W\000h\000y\000\040\000t\000h\000e\000\040\000C\000o\000n\000t\000a\000m\000i\000n\000a\000n\000t\000\040\000V\000i\000e\000w\000\040\000D\000o\000e\000s\000\040\000N\000o\000t\000\040\000R\000e\000m\000o\000v\000e\000\040\000t\000h\000e\000\040\000s\000v\000\040\000>\000\040\0000\000\040\000Q\000u\000a\000d\000r\000a\000t\000u\000r\000e}{}% 35
\BOOKMARK [1][-]{section.14}{\376\377\000C\000l\000o\000s\000e\000d\000-\000F\000o\000r\000m\000\040\000B\000o\000u\000n\000d\000a\000r\000y}{}% 36
\BOOKMARK [1][-]{section.15}{\376\377\000P\000r\000a\000c\000t\000i\000c\000a\000l\000\040\000C\000h\000e\000c\000k\000l\000i\000s\000t}{}% 37
\BOOKMARK [1][-]{section.16}{\376\377\000F\000u\000r\000t\000h\000e\000r\000\040\000R\000e\000a\000d\000i\000n\000g}{}% 38
