── Attaching core tidyverse packages ──────────────────────── tidyverse 2.0.0 ──
✔ dplyr     1.2.1     ✔ readr     2.2.0
✔ forcats   1.0.1     ✔ stringr   1.6.0
✔ ggplot2   4.0.3     ✔ tibble    3.3.1
✔ lubridate 1.9.5     ✔ tidyr     1.3.2
✔ purrr     1.2.2     
── Conflicts ────────────────────────────────────────── tidyverse_conflicts() ──
✖ dplyr::filter() masks stats::filter()
✖ dplyr::lag()    masks stats::lag()
ℹ Use the conflicted package (<http://conflicted.r-lib.org/>) to force all conflicts to become errors
variant: lba_rates_t0R_vs2_mt_d45 

 Sampled Parameters: 
 [1] "v_LoadHigh"           "v_LoadLow"            "v.d_low"             
 [4] "v.d_high"             "v.e_low"              "v.e_novel"           
 [7] "v.r"                  "v.fam"                "B.w_prac"            
[10] "B"                    "B_lR_target"          "B_LoadLow"           
[13] "A"                    "t0_LoadHigh"          "t0_LoadLow"          
[16] "t0_repeatTrialRepeat" "sv_lMTRUE"           

 Design Matrices: 
$v
 Load v_LoadHigh v_LoadLow
 High          1         0
  Low          0         1

$v.d_low
 v.d_low
       1

$v.d_high
 v.d_high
        1

$v.e_low
 v.e_low
       1

$v.e_novel
 v.e_novel
         1

$v.r
 v.r
   1

$v.m_shape
 v.m_shape
         1

$v.fam
 v.fam
     1

$B.w_prac
 B.w_prac
        1

$B
 lR_target Load B B_lR_target B_LoadLow
         0 High 1           0         0
         1 High 1           1         0
         0  Low 1           0         1
         1  Low 1           1         1

$A
 A
 1

$t0
 Load repeatTrial t0_LoadHigh t0_LoadLow t0_repeatTrialRepeat
 High       Novel           1          0                    0
  Low       Novel           0          1                    0
 High      Repeat           1          0                    1
  Low      Repeat           0          1                    1

$sv
    lM sv sv_lMTRUE
  TRUE  1         1
 FALSE  1         0

$k
 k
 1

$eta
 eta
   1

$mG
 mG
  1

$mK
 mK
  1

$pContaminant
 pContaminant
            1

$pGuess
 pGuess
      1

Processing data set 1
Likelihood speedup factor: 1 (with no missing 1x), 9112 unique trials
Running preburn stage
[preburn | try=1 | iters=50] Duration: 1.1 min - ETA: 12.6 min-44.3 min
Running burn stage
Burn mode starts: 135/135 Hessians; 135/135 BFGS converged
[burn | try=1 | iters=100 | Mean Rhat=1.495] Duration: 1.4 min - ETA: 17.7 min-55.7 min
Laplace refresh: 135/135 covariances
[burn | try=2 | iters=200 | Mean Rhat=1.436] Duration: 1.4 min - ETA: 17.3 min-57.6 min
Laplace refresh: 135/135 covariances
[burn | try=3 | iters=300 | Mean Rhat=1.338] Duration: 1.4 min - ETA: 15.2 min-53.9 min
Laplace refresh: 135/135 covariances
[burn | try=4 | iters=400 | Mean Rhat=1.31] Duration: 1.4 min - ETA: 15.5 min-53.4 min
Laplace refresh: 135/135 covariances
[burn | try=5 | iters=500 | Mean Rhat=1.286] Duration: 1.4 min - ETA: 15.6 min-52.6 min
Laplace refresh: 135/135 covariances
[burn | try=6 | iters=600 | Mean Rhat=1.26] Duration: 1.5 min - ETA: 16.1 min-52.5 min
Laplace refresh: 135/135 covariances
[burn | try=7 | iters=700 | Mean Rhat=1.239] Duration: 1.5 min - ETA: 16.6 min-52.8 min
Laplace refresh: 135/135 covariances
[burn | try=8 | iters=800 | Mean Rhat=1.22] Duration: 1.5 min - ETA: 16.3 min-50.5 min
Laplace refresh: 135/135 covariances
[burn | try=9 | iters=900 | Mean Rhat=1.21] Duration: 1.5 min - ETA: 16.4 min-49.3 min
Laplace refresh: 135/135 covariances
[burn | try=10 | iters=1000 | Mean Rhat=1.199] Duration: 1.5 min - ETA: 16.1 min-46.8 min
Laplace refresh: 135/135 covariances
[burn | try=11 | iters=1100 | Mean Rhat=1.192] Duration: 1.5 min - ETA: 16.0 min-45.0 min
Laplace refresh: 135/135 covariances
[burn | try=12 | iters=1200 | Mean Rhat=1.188] Duration: 1.4 min - ETA: 15.9 min-43.5 min
Laplace refresh: 135/135 covariances
[burn | try=13 | iters=1300 | Mean Rhat=1.176] Duration: 1.6 min - ETA: 17.2 min-45.3 min
Laplace refresh: 135/135 covariances
[burn | try=14 | iters=1400 | Mean Rhat=1.166] Duration: 1.6 min - ETA: 17.7 min-45.2 min
Laplace refresh: 135/135 covariances
[burn | try=15 | iters=1500 | Mean Rhat=1.155] Duration: 1.6 min - ETA: 17.4 min-42.8 min
Laplace refresh: 135/135 covariances
[burn | try=16 | iters=1600 | Mean Rhat=1.143] Duration: 1.5 min - ETA: 16.6 min-39.2 min
Laplace refresh: 135/135 covariances
[burn | try=17 | iters=1700 | Mean Rhat=1.133] Duration: 1.5 min - ETA: 16.4 min-37.4 min
Laplace refresh: 135/135 covariances
[burn | try=18 | iters=1800 | Mean Rhat=1.125] Duration: 1.5 min - ETA: 16.6 min-36.3 min
Laplace refresh: 135/135 covariances
[burn | try=19 | iters=1900 | Mean Rhat=1.119] Duration: 1.5 min - ETA: 16.8 min-35.1 min
Laplace refresh: 135/135 covariances
[burn | try=20 | iters=2000 | Mean Rhat=1.115] Duration: 1.5 min - ETA: 17.0 min-33.9 min
Running adapt stage
Laplace refresh: 135/135 covariances
[adapt | try=1 | iters=100] Duration: 1.5 min - ETA: 15.1 min-31.7 min
Laplace refresh: 135/135 covariances
Enough unique values detected: 150
Testing proposal distribution creation
Successfully adapted - stopping adaptation
[adapt | try=2 | iters=200] Duration: 1.5 min - ETA: 15.3 min-30.5 min
Running sample stage
Laplace refresh: 135/135 covariances
[sample | try=1 | iters=100 | Max Rhat=1.902] Duration: 1.6 min - ETA: 14.0 min-29.5 min
[sample | try=2 | iters=200 | Max Rhat=1.333] Duration: 1.6 min - ETA: 12.5 min-28.1 min
