* installing *source* package ‘EMC2’ ...
** this is package ‘EMC2’ version ‘3.4.0’
** using staged installation
** libs
using C compiler: ‘cc (Ubuntu 11.4.0-1ubuntu1~22.04.3) 11.4.0’
using C++ compiler: ‘g++ (Ubuntu 11.4.0-1ubuntu1~22.04.3) 11.4.0’
make: Nothing to be done for 'all'.
installing to /data/work/EMC2_dev_oo/..Rcheck/00LOCK-EMC2_dev_oo/00new/EMC2/libs
** R
** data
*** moving datasets to lazyload DB
** inst
** byte-compile and prepare package for lazy loading
** help
*** installing help indices
** building package indices
** installing vignettes
** testing if installed package can be loaded from temporary location
** checking absolute paths in shared objects and dynamic libraries
** testing if installed package can be loaded from final location
** testing if installed package keeps a record of temporary installation path
* DONE (EMC2)
